Enter password: *****
Welcome to the MySQL monitor.  Commands end with ; or \g.
Your MySQL connection id is 46
Server version: 5.5.62 MySQL Community Server (GPL)

Copyright (c) 2000, 2018, Oracle and/or its affiliates. All rights reserved.

Oracle is a registered trademark of Oracle Corporation and/or its
affiliates. Other names may be trademarks of their respective
owners.

Type 'help;' or '\h' for help. Type '\c' to clear the current input statement.

mysql> use manoj;
Database changed
mysql> delimiter //
mysql> create procedure dorepeat(p1 int)
    -> begin
    -> set @x=0;
    -> repeat
    -> set @x = @x + 1;
    -> until @x > p1 end repeat;
    -> end //
Query OK, 0 rows affected (0.01 sec)

mysql> call dorepeat(1000)//
Query OK, 0 rows affected (0.01 sec)

mysql> select @x//
+------+
| @x   |
+------+
| 1001 |
+------+
1 row in set (0.00 sec)
Enter password: *****
Welcome to the MySQL monitor.  Commands end with ; or \g.
Your MySQL connection id is 47
Server version: 5.5.62 MySQL Community Server (GPL)

Copyright (c) 2000, 2018, Oracle and/or its affiliates. All rights reserved.

Oracle is a registered trademark of Oracle Corporation and/or its
affiliates. Other names may be trademarks of their respective
owners.

Type 'help;' or '\h' for help. Type '\c' to clear the current input statement.

mysql> use manoj;
Database changed
mysql> delimiter //
mysql> create function calcincome(starting_value int)
    -> returns int
    ->
    -> begin
    ->
    -> declare income int;
    ->
    -> set income = 0;
    ->
    -> label 1: while income <= 3000 do
    -> set income = income + starting_value;
    -> end while label 1;
    ->
    ->
    -> return income;
    ->
    ->
    -> end;//
ERROR 1064 (42000): You have an error in your SQL syntax; check the manual that corresponds to your MySQL server version for the right syntax to use near '1: while income <= 3000 do
set income = income + starting_value;
end while label' at line 10
mysql> label 1:while income <= 3000 do
    ->